../Core/Src/main.c:87:6:HAL_UARTEx_RxEventCallback	16	static
../Core/Src/main.c:116:5:main	8	static
../Core/Src/main.c:296:6:SystemClock_Config	88	static
../Core/Src/main.c:338:13:MX_I2C1_Init	8	static
../Core/Src/main.c:372:13:MX_TIM2_Init	48	static
../Core/Src/main.c:425:13:MX_USART6_UART_Init	8	static
../Core/Src/main.c:456:13:MX_DMA_Init	16	static
../Core/Src/main.c:474:13:MX_GPIO_Init	40	static
../Core/Src/main.c:496:6:Stop	8	static
../Core/Src/main.c:506:6:Forward	8	static
../Core/Src/main.c:516:6:Left	8	static
../Core/Src/main.c:526:6:Right	8	static
../Core/Src/main.c:542:6:Error_Handler	4	static,ignoring_inline_asm
